
> narao_web@0.1.0 build
> next build

Γû▓ Next.js 16.1.6 (Turbopack)
- Environments: .env.local

  Creating an optimized production build ...
node.exe : Turbopack build encountered 1 
warnings:
At line:1 char:1
+ & "C:\Program Files\nodejs/node.exe" 
"C:\Program Files\nodejs/node_mo ...
+ ~~~~~~~~~~~~~~~~~~~~~~~~~~~~~~~~~~~~~~~
~~~~~~~~~~~~~~~~~~~~~~~~~~~~~~
    + CategoryInfo          : NotSpecifi 
   ed: (Turbopack build encountered 1 w  
  arnings::String) [], RemoteException
    + FullyQualifiedErrorId : NativeComm 
   andError
 
./
Failed to find font override values for 
font `Alan Sans`
Skipping generating a fallback font.


Γ£ô Compiled successfully in 6.0s
  Running TypeScript ...
  Collecting page data using 19 workers ...
  Generating static pages using 19 workers (0/10) ...
  Generating static pages using 19 workers (2/10) 
ΓÜá metadataBase property in metadata 
export is not set for resolving social 
open graph or twitter images, using 
"http://localhost:3000". See https://next
js.org/docs/app/api-reference/functions/g
enerate-metadata#metadatabase
  Generating static pages using 19 workers (4/10) 
  Generating static pages using 19 workers (7/10) 
Getting content for path: /
Root content: { folders: [], notes: [] }
Γ£ô Generating static pages using 19 workers (10/10) in 549.8ms
  Finalizing page optimization ...

Route (app)
Γöî Γùï /
Γö£ Γùï /_not-found
Γö£ ╞Æ /api/chat/gemini-2.5-flash
Γö£ ╞Æ /api/chat/gemini-3-flash-preview
Γö£ ╞Æ /api/chat/gemini-3.1-flash-lite-preview
Γö£ Γùï /login
Γö£ Γùï /signup
Γöö Γùï /workspace


Γùï  (Static)   prerendered as static content
╞Æ  (Dynamic)  server-rendered on demand

